<!DOCTYPE html>
<html>
<head>
  <!-- styles will be inlined -->
  

  <!-- styles will be embedded -->
  <style type="text/css">
p { margin-bottom: 10px; }
</style>

  <!-- link tag will be preserved and styles will not be inlined or embedded -->
  <link href="http://fonts.googleapis.com/css?family=Open+Sans" rel="stylesheet" type="text/css">

  <!-- styles will be inlined -->
  

  <!-- styles will be embedded -->
  <style>
    h1 { color: black; }
  </style>
</head>
<body>
  <h1 style="color: red; font-size: 16px;">Heading</h1>
  <p style="color: red;">Body</p>
</body>
</html>